[INFO ODB-0227] LEF file: /pdk/libs.ref/sky130_fd_sc_hd/techlef/sky130_fd_sc_hd__nom.tlef, created 14 layers, 25 vias
[WARNING ODB-0220] WARNING (LEFPARS-2008): NOWIREEXTENSIONATPIN statement is obsolete in version 5.6 or later.
The NOWIREEXTENSIONATPIN statement will be ignored. See file /pdk/libs.ref/sky130_fd_sc_hd/lef/sky130_ef_sc_hd.lef at line 2.

[INFO ODB-0227] LEF file: /pdk/libs.ref/sky130_fd_sc_hd/lef/sky130_ef_sc_hd.lef, created 8 library cells
[WARNING ODB-0220] WARNING (LEFPARS-2008): NOWIREEXTENSIONATPIN statement is obsolete in version 5.6 or later.
The NOWIREEXTENSIONATPIN statement will be ignored. See file /pdk/libs.ref/sky130_fd_sc_hd/lef/sky130_fd_sc_hd.lef at line 2.

[INFO ODB-0227] LEF file: /pdk/libs.ref/sky130_fd_sc_hd/lef/sky130_fd_sc_hd.lef, created 437 library cells
[INFO ODB-0127] Reading DEF file: /work/accel_top.def
[INFO ODB-0128] Design: accel_top
[INFO ODB-0094] 		Created 100000 Insts
[INFO ODB-0094] 		Created 200000 Insts
[INFO ODB-0094] 		Created 300000 Insts
[INFO ODB-0130]     Created 246 pins.
[INFO ODB-0131]     Created 349510 components and 1559709 component-terminals.
[INFO ODB-0132]     Created 2 special nets and 1279180 connections.
[INFO ODB-0133]     Created 84562 nets and 280071 connections.
[INFO ODB-0134] Finished DEF file: /work/accel_top.def
[INFO] Using clock clk…
[INFO] Setting output delay to: 3
[INFO] Setting input delay to: 3
[INFO] Setting load to: 0.033442
[INFO] Setting clock uncertainty to: 0.25
[INFO] Setting clock transition to: 0.15
[INFO] Setting timing derate to: 5%
Group                   Internal   Switching     Leakage       Total
                           Power       Power       Power       Power (Watts)
--------------------------------------------------------------------
Sequential           1.93843e-02 1.58727e-03 7.59683e-08 2.09717e-02  31.9%
Combinational        8.52782e-03 1.41390e-02 3.20083e-07 2.26671e-02  34.5%
Clock                1.18111e-02 1.02705e-02 1.48872e-08 2.20816e-02  33.6%
Macro                0.00000e+00 0.00000e+00 0.00000e+00 0.00000e+00   0.0%
Pad                  0.00000e+00 0.00000e+00 0.00000e+00 0.00000e+00   0.0%
--------------------------------------------------------------------
Total                3.97245e-02 2.59967e-02 4.10962e-07 6.57217e-02 100.0%
                           60.4%       39.6%        0.0%
[INFO PSM-0040] All shapes on net VPWR are connected.
########## IR report #################
Net              : VPWR
Corner           : tt_025C_1v80
Total power      : 6.57e-02 W
Supply voltage   : 1.80e+00 V
Worstcase voltage: 1.80e+00 V
Average voltage  : 1.80e+00 V
Average IR drop  : 9.38e-05 V
Worstcase IR drop: 6.28e-04 V
Percentage drop  : 0.03 %
######################################
[INFO PSM-0040] All shapes on net VGND are connected.
########## IR report #################
Net              : VGND
Corner           : tt_025C_1v80
Total power      : 6.57e-02 W
Supply voltage   : 0.00e+00 V
Worstcase voltage: 5.84e-04 V
Average voltage  : 9.27e-05 V
Average IR drop  : 9.27e-05 V
Worstcase IR drop: 5.84e-04 V
Percentage drop  : 0.03 %
######################################
