Startpoint: rst_n (input port clocked by clk)
Endpoint: reg_arr_state[0] (recovery check against rising-edge clock clk)
Path Group: asynchronous
Path Type: max

Fanout     Cap    Slew   Delay    Time   Description
-----------------------------------------------------------------------------
                          0.00    0.00   clock clk (rise edge)
                          0.00    0.00   clock network delay (propagated)
                          3.00    3.00 ^ input external delay
     1    0.00    0.03    0.01    3.01 ^ rst_n (in)
     1    0.00    0.09    1.02    4.03 ^ __holdfix_0/X (sky130_fd_sc_hd__dlygate4sd3_1)
     4    0.03    0.54    0.50    4.53 ^ __inbuf_0/X (sky130_fd_sc_hd__buf_1)
     2    0.13    0.32    0.53    5.06 ^ __drvfix_10689/X (sky130_fd_sc_hd__buf_8)
     1    0.12    0.54    0.67    5.72 ^ __drvfix_11345/X (sky130_fd_sc_hd__buf_4)
     8    0.04    0.19    0.51    6.24 ^ rst_n_fobuf185/X (sky130_fd_sc_hd__buf_4)
     4    0.12    0.52    0.58    6.82 ^ __drvfix_6231/X (sky130_fd_sc_hd__buf_4)
     4    0.05    0.25    0.55    7.37 ^ rst_n_fobuf69/X (sky130_fd_sc_hd__buf_4)
     8    0.05    0.40    0.52    7.89 ^ __drvfix_5767/X (sky130_fd_sc_hd__buf_2)
                  0.40    0.00    7.89 ^ reg_arr_state[0]/RESET_B (sky130_fd_sc_hd__dfrtp_1)
                                  7.89   data arrival time

                         15.00   15.00   clock clk (rise edge)
                          0.00   15.00   clock source latency
     2    0.07    0.48    0.33   15.33 ^ clk (in)
     1    0.15    0.41    0.65   15.98 ^ __drvfix_11390/X (sky130_fd_sc_hd__clkbuf_8)
     2    0.13    0.22    0.51   16.49 ^ clkbuf_5_889/X (sky130_fd_sc_hd__clkbuf_16)
     3    0.07    0.13    0.35   16.85 ^ clkbuf_4_888/X (sky130_fd_sc_hd__clkbuf_16)
     2    0.16    0.43    0.53   17.37 ^ __drvfix_11393/X (sky130_fd_sc_hd__clkbuf_8)
     4    0.02    0.07    0.38   17.76 ^ clkbuf_3_885/X (sky130_fd_sc_hd__clkbuf_16)
     1    0.06    0.18    0.32   18.07 ^ __drvfix_11401/X (sky130_fd_sc_hd__clkbuf_8)
     3    0.10    0.18    0.37   18.44 ^ clkbuf_2_873/X (sky130_fd_sc_hd__clkbuf_16)
     1    0.00    0.05    0.26   18.70 ^ __uskew_buf_2/X (sky130_fd_sc_hd__clkbuf_16)
                  0.05    0.00   18.70 ^ reg_arr_state[0]/CLK (sky130_fd_sc_hd__dfrtp_1)
                         -0.25   18.45   clock uncertainty
                          0.00   18.45   clock reconvergence pessimism
                          0.33   18.78   library recovery time
                                 18.78   data required time
-----------------------------------------------------------------------------
                                 18.78   data required time
                                 -7.89   data arrival time
-----------------------------------------------------------------------------
                                 10.89   slack (MET)


Startpoint: rst_n (input port clocked by clk)
Endpoint: reg_arr_state[1] (recovery check against rising-edge clock clk)
Path Group: asynchronous
Path Type: max

Fanout     Cap    Slew   Delay    Time   Description
-----------------------------------------------------------------------------
                          0.00    0.00   clock clk (rise edge)
                          0.00    0.00   clock network delay (propagated)
                          3.00    3.00 ^ input external delay
     1    0.00    0.03    0.01    3.01 ^ rst_n (in)
     1    0.00    0.09    1.02    4.03 ^ __holdfix_0/X (sky130_fd_sc_hd__dlygate4sd3_1)
     4    0.03    0.54    0.50    4.53 ^ __inbuf_0/X (sky130_fd_sc_hd__buf_1)
     2    0.13    0.32    0.53    5.06 ^ __drvfix_10689/X (sky130_fd_sc_hd__buf_8)
     1    0.12    0.54    0.67    5.72 ^ __drvfix_11345/X (sky130_fd_sc_hd__buf_4)
     8    0.04    0.19    0.51    6.24 ^ rst_n_fobuf185/X (sky130_fd_sc_hd__buf_4)
     4    0.12    0.52    0.58    6.82 ^ __drvfix_6231/X (sky130_fd_sc_hd__buf_4)
     4    0.05    0.25    0.55    7.37 ^ rst_n_fobuf69/X (sky130_fd_sc_hd__buf_4)
     8    0.05    0.40    0.52    7.89 ^ __drvfix_5767/X (sky130_fd_sc_hd__buf_2)
                  0.40    0.00    7.89 ^ reg_arr_state[1]/RESET_B (sky130_fd_sc_hd__dfrtp_2)
                                  7.89   data arrival time

                         15.00   15.00   clock clk (rise edge)
                          0.00   15.00   clock source latency
     2    0.07    0.48    0.33   15.33 ^ clk (in)
     1    0.15    0.41    0.65   15.98 ^ __drvfix_11390/X (sky130_fd_sc_hd__clkbuf_8)
     2    0.13    0.22    0.51   16.49 ^ clkbuf_5_889/X (sky130_fd_sc_hd__clkbuf_16)
     3    0.07    0.13    0.35   16.85 ^ clkbuf_4_888/X (sky130_fd_sc_hd__clkbuf_16)
     2    0.16    0.43    0.53   17.37 ^ __drvfix_11393/X (sky130_fd_sc_hd__clkbuf_8)
     4    0.02    0.07    0.38   17.76 ^ clkbuf_3_885/X (sky130_fd_sc_hd__clkbuf_16)
     1    0.12    0.34    0.43   18.18 ^ __drvfix_11400/X (sky130_fd_sc_hd__clkbuf_8)
     5    0.09    0.16    0.44   18.62 ^ clkbuf_2_874/X (sky130_fd_sc_hd__clkbuf_16)
     1    0.00    0.06    0.18   18.80 ^ __uskew_buf_1/X (sky130_fd_sc_hd__clkbuf_1)
                  0.06    0.00   18.80 ^ reg_arr_state[1]/CLK (sky130_fd_sc_hd__dfrtp_2)
                         -0.25   18.55   clock uncertainty
                          0.00   18.55   clock reconvergence pessimism
                          0.30   18.85   library recovery time
                                 18.85   data required time
-----------------------------------------------------------------------------
                                 18.85   data required time
                                 -7.89   data arrival time
-----------------------------------------------------------------------------
                                 10.96   slack (MET)


Startpoint: rst_n (input port clocked by clk)
Endpoint: reg_arr_state[2] (recovery check against rising-edge clock clk)
Path Group: asynchronous
Path Type: max

Fanout     Cap    Slew   Delay    Time   Description
-----------------------------------------------------------------------------
                          0.00    0.00   clock clk (rise edge)
                          0.00    0.00   clock network delay (propagated)
                          3.00    3.00 ^ input external delay
     1    0.00    0.03    0.01    3.01 ^ rst_n (in)
     1    0.00    0.09    1.02    4.03 ^ __holdfix_0/X (sky130_fd_sc_hd__dlygate4sd3_1)
     4    0.03    0.54    0.50    4.53 ^ __inbuf_0/X (sky130_fd_sc_hd__buf_1)
     2    0.13    0.32    0.53    5.06 ^ __drvfix_10689/X (sky130_fd_sc_hd__buf_8)
     1    0.12    0.54    0.67    5.72 ^ __drvfix_11345/X (sky130_fd_sc_hd__buf_4)
     8    0.04    0.19    0.51    6.24 ^ rst_n_fobuf185/X (sky130_fd_sc_hd__buf_4)
     4    0.12    0.52    0.58    6.82 ^ __drvfix_6231/X (sky130_fd_sc_hd__buf_4)
     4    0.05    0.25    0.55    7.37 ^ rst_n_fobuf69/X (sky130_fd_sc_hd__buf_4)
     8    0.05    0.40    0.52    7.89 ^ __drvfix_5767/X (sky130_fd_sc_hd__buf_2)
                  0.40    0.00    7.89 ^ reg_arr_state[2]/RESET_B (sky130_fd_sc_hd__dfrtp_1)
                                  7.89   data arrival time

                         15.00   15.00   clock clk (rise edge)
                          0.00   15.00   clock source latency
     2    0.07    0.48    0.33   15.33 ^ clk (in)
     1    0.15    0.41    0.65   15.98 ^ __drvfix_11390/X (sky130_fd_sc_hd__clkbuf_8)
     2    0.13    0.22    0.51   16.49 ^ clkbuf_5_889/X (sky130_fd_sc_hd__clkbuf_16)
     3    0.07    0.13    0.35   16.85 ^ clkbuf_4_888/X (sky130_fd_sc_hd__clkbuf_16)
     2    0.16    0.43    0.53   17.37 ^ __drvfix_11393/X (sky130_fd_sc_hd__clkbuf_8)
     4    0.02    0.07    0.38   17.76 ^ clkbuf_3_885/X (sky130_fd_sc_hd__clkbuf_16)
     1    0.12    0.34    0.43   18.18 ^ __drvfix_11400/X (sky130_fd_sc_hd__clkbuf_8)
     5    0.09    0.16    0.44   18.62 ^ clkbuf_2_874/X (sky130_fd_sc_hd__clkbuf_16)
     1    0.00    0.06    0.18   18.80 ^ __uskew_buf_0/X (sky130_fd_sc_hd__clkbuf_1)
                  0.06    0.00   18.80 ^ reg_arr_state[2]/CLK (sky130_fd_sc_hd__dfrtp_1)
                         -0.25   18.55   clock uncertainty
                          0.00   18.55   clock reconvergence pessimism
                          0.34   18.89   library recovery time
                                 18.89   data required time
-----------------------------------------------------------------------------
                                 18.89   data required time
                                 -7.89   data arrival time
-----------------------------------------------------------------------------
                                 11.00   slack (MET)


Startpoint: rst_n (input port clocked by clk)
Endpoint: reg_pe_row_0_pe_col_7_pe_weight_reg[1]
          (recovery check against rising-edge clock clk)
Path Group: asynchronous
Path Type: max

Fanout     Cap    Slew   Delay    Time   Description
-----------------------------------------------------------------------------
                          0.00    0.00   clock clk (rise edge)
                          0.00    0.00   clock network delay (propagated)
                          3.00    3.00 ^ input external delay
     1    0.00    0.03    0.01    3.01 ^ rst_n (in)
     1    0.00    0.09    1.02    4.03 ^ __holdfix_0/X (sky130_fd_sc_hd__dlygate4sd3_1)
     4    0.03    0.54    0.50    4.53 ^ __inbuf_0/X (sky130_fd_sc_hd__buf_1)
     2    0.07    0.18    0.43    4.96 ^ __drvfix_10688/X (sky130_fd_sc_hd__buf_8)
     2    0.14    0.61    0.65    5.61 ^ __drvfix_11343/X (sky130_fd_sc_hd__buf_4)
     5    0.03    0.17    0.52    6.13 ^ rst_n_fobuf184/X (sky130_fd_sc_hd__buf_4)
     5    0.09    0.18    0.31    6.44 ^ __drvfix_6224/X (sky130_fd_sc_hd__buf_12)
     4    0.08    0.34    0.46    6.90 ^ __drvbuf_94/X (sky130_fd_sc_hd__buf_4)
     4    0.04    0.19    0.42    7.32 ^ rst_n_fobuf81/X (sky130_fd_sc_hd__buf_4)
     8    0.04    0.34    0.45    7.77 ^ __drvfix_5816/X (sky130_fd_sc_hd__buf_2)
                  0.34    0.00    7.77 ^ reg_pe_row_0_pe_col_7_pe_weight_reg[1]/RESET_B (sky130_fd_sc_hd__dfrtp_1)
                                  7.77   data arrival time

                         15.00   15.00   clock clk (rise edge)
                          0.00   15.00   clock source latency
     2    0.07    0.48    0.33   15.33 ^ clk (in)
     1    0.15    0.41    0.65   15.98 ^ __drvfix_11390/X (sky130_fd_sc_hd__clkbuf_8)
     2    0.13    0.22    0.51   16.49 ^ clkbuf_5_889/X (sky130_fd_sc_hd__clkbuf_16)
     3    0.10    0.18    0.39   16.88 ^ clkbuf_4_887/X (sky130_fd_sc_hd__clkbuf_16)
     3    0.13    0.35    0.50   17.38 ^ __drvfix_11396/X (sky130_fd_sc_hd__clkbuf_8)
     1    0.00    0.08    0.33   17.71 ^ HICG_L1_14_sky130_fd_sc_hd__sdlclkp_1/X (sky130_fd_sc_hd__and2_1)
     4    0.01    0.24    0.27   17.98 ^ clkbuf_0_855/X (sky130_fd_sc_hd__clkbuf_1)
     1    0.04    0.33    0.54   18.52 ^ HICG_L0_4_sky130_fd_sc_hd__sdlclkp_1/X (sky130_fd_sc_hd__and2_2)
     8    0.03    0.08    0.35   18.87 ^ clkbuf_0_799/X (sky130_fd_sc_hd__clkbuf_16)
                  0.08    0.00   18.87 ^ reg_pe_row_0_pe_col_7_pe_weight_reg[1]/CLK (sky130_fd_sc_hd__dfrtp_1)
                         -0.25   18.62   clock uncertainty
                          0.00   18.62   clock reconvergence pessimism
                          0.37   18.99   library recovery time
                                 18.99   data required time
-----------------------------------------------------------------------------
                                 18.99   data required time
                                 -7.77   data arrival time
-----------------------------------------------------------------------------
                                 11.22   slack (MET)


Startpoint: rst_n (input port clocked by clk)
Endpoint: reg_pe_row_0_pe_col_7_pe_weight_reg[6]
          (recovery check against rising-edge clock clk)
Path Group: asynchronous
Path Type: max

Fanout     Cap    Slew   Delay    Time   Description
-----------------------------------------------------------------------------
                          0.00    0.00   clock clk (rise edge)
                          0.00    0.00   clock network delay (propagated)
                          3.00    3.00 ^ input external delay
     1    0.00    0.03    0.01    3.01 ^ rst_n (in)
     1    0.00    0.09    1.02    4.03 ^ __holdfix_0/X (sky130_fd_sc_hd__dlygate4sd3_1)
     4    0.03    0.54    0.50    4.53 ^ __inbuf_0/X (sky130_fd_sc_hd__buf_1)
     2    0.07    0.18    0.43    4.96 ^ __drvfix_10688/X (sky130_fd_sc_hd__buf_8)
     2    0.14    0.61    0.65    5.61 ^ __drvfix_11343/X (sky130_fd_sc_hd__buf_4)
     5    0.03    0.17    0.52    6.13 ^ rst_n_fobuf184/X (sky130_fd_sc_hd__buf_4)
     5    0.09    0.18    0.31    6.44 ^ __drvfix_6224/X (sky130_fd_sc_hd__buf_12)
     4    0.08    0.34    0.46    6.90 ^ __drvbuf_94/X (sky130_fd_sc_hd__buf_4)
     4    0.04    0.19    0.42    7.32 ^ rst_n_fobuf81/X (sky130_fd_sc_hd__buf_4)
     8    0.04    0.34    0.45    7.77 ^ __drvfix_5816/X (sky130_fd_sc_hd__buf_2)
                  0.34    0.00    7.77 ^ reg_pe_row_0_pe_col_7_pe_weight_reg[6]/RESET_B (sky130_fd_sc_hd__dfrtp_1)
                                  7.77   data arrival time

                         15.00   15.00   clock clk (rise edge)
                          0.00   15.00   clock source latency
     2    0.07    0.48    0.33   15.33 ^ clk (in)
     1    0.15    0.41    0.65   15.98 ^ __drvfix_11390/X (sky130_fd_sc_hd__clkbuf_8)
     2    0.13    0.22    0.51   16.49 ^ clkbuf_5_889/X (sky130_fd_sc_hd__clkbuf_16)
     3    0.10    0.18    0.39   16.88 ^ clkbuf_4_887/X (sky130_fd_sc_hd__clkbuf_16)
     3    0.13    0.35    0.50   17.38 ^ __drvfix_11396/X (sky130_fd_sc_hd__clkbuf_8)
     1    0.00    0.08    0.33   17.71 ^ HICG_L1_14_sky130_fd_sc_hd__sdlclkp_1/X (sky130_fd_sc_hd__and2_1)
     4    0.01    0.24    0.27   17.98 ^ clkbuf_0_855/X (sky130_fd_sc_hd__clkbuf_1)
     1    0.04    0.33    0.54   18.52 ^ HICG_L0_4_sky130_fd_sc_hd__sdlclkp_1/X (sky130_fd_sc_hd__and2_2)
     8    0.03    0.08    0.35   18.87 ^ clkbuf_0_799/X (sky130_fd_sc_hd__clkbuf_16)
                  0.08    0.00   18.87 ^ reg_pe_row_0_pe_col_7_pe_weight_reg[6]/CLK (sky130_fd_sc_hd__dfrtp_1)
                         -0.25   18.62   clock uncertainty
                          0.00   18.62   clock reconvergence pessimism
                          0.37   18.99   library recovery time
                                 18.99   data required time
-----------------------------------------------------------------------------
                                 18.99   data required time
                                 -7.77   data arrival time
-----------------------------------------------------------------------------
                                 11.22   slack (MET)


Startpoint: HICG_L0_9_latch (positive level-sensitive latch clocked by clk')
Endpoint: HICG_L0_9_sky130_fd_sc_hd__sdlclkp_1
          (rising clock gating-check end-point clocked by clk)
Path Group: gated clock
Path Type: max

Fanout     Cap    Slew   Delay    Time   Description
-----------------------------------------------------------------------------
                          7.50    7.50   clock clk' (rise edge)
                          0.00    7.50   clock source latency
     2    0.07    0.28    0.20    7.70 v clk (in)
     1    0.15    0.28    0.53    8.23 v __drvfix_11390/X (sky130_fd_sc_hd__clkbuf_8)
     2    0.12    0.15    0.47    8.70 v clkbuf_5_889/X (sky130_fd_sc_hd__clkbuf_16)
     3    0.10    0.13    0.37    9.08 v clkbuf_4_887/X (sky130_fd_sc_hd__clkbuf_16)
     2    0.04    0.10    0.32    9.40 v __drvfix_11395/X (sky130_fd_sc_hd__clkbuf_8)
     1    0.02    0.18    0.40    9.80 v HICG_L1_18_sky130_fd_sc_hd__sdlclkp_2/X (sky130_fd_sc_hd__and2_1)
     4    0.03    0.06    0.32   10.12 v clkbuf_0_859/X (sky130_fd_sc_hd__clkbuf_16)
     1    0.00    0.04    0.06   10.19 ^ HICG_L0_9_inv/Y (sky130_fd_sc_hd__clkinv_1)
     1    0.00    0.06    0.35   10.54 ^ HICG_L0_9_gdly/X (sky130_fd_sc_hd__dlygate4sd1_1)
                  0.06    0.00   10.54 ^ HICG_L0_9_latch/GATE (sky130_fd_sc_hd__dlxtp_1)
                          0.60   11.14   time given to startpoint
                  0.06    0.00   11.14 ^ HICG_L0_9_latch/D (sky130_fd_sc_hd__dlxtp_1)
     1    0.00    0.07    0.66   11.80 ^ HICG_L0_9_latch/Q (sky130_fd_sc_hd__dlxtp_1)
     1    0.00    0.08    1.03   12.83 ^ __holdfix_988/X (sky130_fd_sc_hd__dlygate4sd3_1)
                  0.08    0.00   12.83 ^ HICG_L0_9_sky130_fd_sc_hd__sdlclkp_1/B (sky130_fd_sc_hd__and2_2)
                                 12.83   data arrival time

                         15.00   15.00   clock clk (rise edge)
                          0.00   15.00   clock source latency
     2    0.07    0.48    0.33   15.33 ^ clk (in)
     1    0.15    0.41    0.65   15.98 ^ __drvfix_11390/X (sky130_fd_sc_hd__clkbuf_8)
     2    0.13    0.22    0.51   16.49 ^ clkbuf_5_889/X (sky130_fd_sc_hd__clkbuf_16)
     3    0.10    0.18    0.39   16.88 ^ clkbuf_4_887/X (sky130_fd_sc_hd__clkbuf_16)
     2    0.04    0.14    0.33   17.22 ^ __drvfix_11395/X (sky130_fd_sc_hd__clkbuf_8)
     1    0.02    0.29    0.41   17.63 ^ HICG_L1_18_sky130_fd_sc_hd__sdlclkp_2/X (sky130_fd_sc_hd__and2_1)
     4    0.03    0.08    0.33   17.96 ^ clkbuf_0_859/X (sky130_fd_sc_hd__clkbuf_16)
                  0.08    0.00   17.96 ^ HICG_L0_9_sky130_fd_sc_hd__sdlclkp_1/A (sky130_fd_sc_hd__and2_2)
                         -0.25   17.71   clock uncertainty
                          0.00   17.71   clock reconvergence pessimism
                          0.00   17.71   clock gating setup time
                                 17.71   data required time
-----------------------------------------------------------------------------
                                 17.71   data required time
                                -12.83   data arrival time
-----------------------------------------------------------------------------
                                  4.88   slack (MET)


Startpoint: HICG_L0_5_latch (positive level-sensitive latch clocked by clk')
Endpoint: HICG_L0_5_sky130_fd_sc_hd__sdlclkp_1
          (rising clock gating-check end-point clocked by clk)
Path Group: gated clock
Path Type: max

Fanout     Cap    Slew   Delay    Time   Description
-----------------------------------------------------------------------------
                          7.50    7.50   clock clk' (rise edge)
                          0.00    7.50   clock source latency
     2    0.07    0.28    0.20    7.70 v clk (in)
     1    0.15    0.28    0.53    8.23 v __drvfix_11390/X (sky130_fd_sc_hd__clkbuf_8)
     2    0.12    0.15    0.47    8.70 v clkbuf_5_889/X (sky130_fd_sc_hd__clkbuf_16)
     3    0.07    0.10    0.35    9.05 v clkbuf_4_888/X (sky130_fd_sc_hd__clkbuf_16)
     4    0.09    0.19    0.38    9.43 v __drvfix_11391/X (sky130_fd_sc_hd__clkbuf_8)
     1    0.00    0.07    0.34    9.76 v HICG_L1_16_sky130_fd_sc_hd__sdlclkp_2/X (sky130_fd_sc_hd__and2_1)
     4    0.01    0.10    0.22    9.99 v clkbuf_0_857/X (sky130_fd_sc_hd__clkbuf_2)
     1    0.00    0.05    0.08   10.07 ^ HICG_L0_5_inv/Y (sky130_fd_sc_hd__clkinv_1)
     1    0.00    0.06    0.36   10.43 ^ HICG_L0_5_gdly/X (sky130_fd_sc_hd__dlygate4sd1_1)
                  0.06    0.00   10.43 ^ HICG_L0_5_latch/GATE (sky130_fd_sc_hd__dlxtp_1)
                          0.51   10.95   time given to startpoint
                  0.07    0.00   10.95 ^ HICG_L0_5_latch/D (sky130_fd_sc_hd__dlxtp_1)
     1    0.00    0.06    0.66   11.61 ^ HICG_L0_5_latch/Q (sky130_fd_sc_hd__dlxtp_1)
     1    0.00    0.09    1.04   12.64 ^ __holdfix_984/X (sky130_fd_sc_hd__dlygate4sd3_1)
                  0.09    0.00   12.64 ^ HICG_L0_5_sky130_fd_sc_hd__sdlclkp_1/B (sky130_fd_sc_hd__and2_2)
                                 12.64   data arrival time

                         15.00   15.00   clock clk (rise edge)
                          0.00   15.00   clock source latency
     2    0.07    0.48    0.33   15.33 ^ clk (in)
     1    0.15    0.41    0.65   15.98 ^ __drvfix_11390/X (sky130_fd_sc_hd__clkbuf_8)
     2    0.13    0.22    0.51   16.49 ^ clkbuf_5_889/X (sky130_fd_sc_hd__clkbuf_16)
     3    0.07    0.13    0.35   16.85 ^ clkbuf_4_888/X (sky130_fd_sc_hd__clkbuf_16)
     4    0.10    0.26    0.41   17.25 ^ __drvfix_11391/X (sky130_fd_sc_hd__clkbuf_8)
     1    0.00    0.08    0.31   17.56 ^ HICG_L1_16_sky130_fd_sc_hd__sdlclkp_2/X (sky130_fd_sc_hd__and2_1)
     4    0.01    0.12    0.24   17.79 ^ clkbuf_0_857/X (sky130_fd_sc_hd__clkbuf_2)
                  0.12    0.00   17.79 ^ HICG_L0_5_sky130_fd_sc_hd__sdlclkp_1/A (sky130_fd_sc_hd__and2_2)
                         -0.25   17.54   clock uncertainty
                          0.00   17.54   clock reconvergence pessimism
                          0.00   17.54   clock gating setup time
                                 17.54   data required time
-----------------------------------------------------------------------------
                                 17.54   data required time
                                -12.64   data arrival time
-----------------------------------------------------------------------------
                                  4.90   slack (MET)


Startpoint: HICG_L0_1_latch (positive level-sensitive latch clocked by clk')
Endpoint: HICG_L0_1_sky130_fd_sc_hd__sdlclkp_1
          (rising clock gating-check end-point clocked by clk)
Path Group: gated clock
Path Type: max

Fanout     Cap    Slew   Delay    Time   Description
-----------------------------------------------------------------------------
                          7.50    7.50   clock clk' (rise edge)
                          0.00    7.50   clock source latency
     2    0.07    0.28    0.20    7.70 v clk (in)
     1    0.15    0.28    0.53    8.23 v __drvfix_11390/X (sky130_fd_sc_hd__clkbuf_8)
     2    0.12    0.15    0.47    8.70 v clkbuf_5_889/X (sky130_fd_sc_hd__clkbuf_16)
     3    0.10    0.13    0.37    9.08 v clkbuf_4_887/X (sky130_fd_sc_hd__clkbuf_16)
     4    0.07    0.15    0.36    9.44 v __drvfix_11394/X (sky130_fd_sc_hd__clkbuf_8)
     1    0.01    0.09    0.36    9.79 v HICG_L1_15_sky130_fd_sc_hd__sdlclkp_2/X (sky130_fd_sc_hd__and2_1)
     4    0.02    0.15    0.28   10.08 v clkbuf_0_856/X (sky130_fd_sc_hd__clkbuf_2)
     1    0.00    0.05    0.09   10.16 ^ HICG_L0_1_inv/Y (sky130_fd_sc_hd__clkinv_1)
     1    0.00    0.06    0.35   10.52 ^ HICG_L0_1_gdly/X (sky130_fd_sc_hd__dlygate4sd1_1)
                  0.06    0.00   10.52 ^ HICG_L0_1_latch/GATE (sky130_fd_sc_hd__dlxtp_1)
                          0.43   10.95   time given to startpoint
                  0.07    0.00   10.95 ^ HICG_L0_1_latch/D (sky130_fd_sc_hd__dlxtp_1)
     1    0.00    0.06    0.66   11.61 ^ HICG_L0_1_latch/Q (sky130_fd_sc_hd__dlxtp_1)
     1    0.00    0.08    1.02   12.63 ^ __holdfix_989/X (sky130_fd_sc_hd__dlygate4sd3_1)
                  0.08    0.00   12.63 ^ HICG_L0_1_sky130_fd_sc_hd__sdlclkp_1/B (sky130_fd_sc_hd__and2_1)
                                 12.63   data arrival time

                         15.00   15.00   clock clk (rise edge)
                          0.00   15.00   clock source latency
     2    0.07    0.48    0.33   15.33 ^ clk (in)
     1    0.15    0.41    0.65   15.98 ^ __drvfix_11390/X (sky130_fd_sc_hd__clkbuf_8)
     2    0.13    0.22    0.51   16.49 ^ clkbuf_5_889/X (sky130_fd_sc_hd__clkbuf_16)
     3    0.10    0.18    0.39   16.88 ^ clkbuf_4_887/X (sky130_fd_sc_hd__clkbuf_16)
     4    0.07    0.21    0.39   17.27 ^ __drvfix_11394/X (sky130_fd_sc_hd__clkbuf_8)
     1    0.01    0.13    0.33   17.60 ^ HICG_L1_15_sky130_fd_sc_hd__sdlclkp_2/X (sky130_fd_sc_hd__and2_1)
     4    0.02    0.19    0.31   17.91 ^ clkbuf_0_856/X (sky130_fd_sc_hd__clkbuf_2)
                  0.19    0.00   17.91 ^ HICG_L0_1_sky130_fd_sc_hd__sdlclkp_1/A (sky130_fd_sc_hd__and2_1)
                         -0.25   17.66   clock uncertainty
                          0.00   17.66   clock reconvergence pessimism
                          0.00   17.66   clock gating setup time
                                 17.66   data required time
-----------------------------------------------------------------------------
                                 17.66   data required time
                                -12.63   data arrival time
-----------------------------------------------------------------------------
                                  5.02   slack (MET)


Startpoint: HICG_L0_13_latch (positive level-sensitive latch clocked by clk')
Endpoint: HICG_L0_13_sky130_fd_sc_hd__sdlclkp_1
          (rising clock gating-check end-point clocked by clk)
Path Group: gated clock
Path Type: max

Fanout     Cap    Slew   Delay    Time   Description
-----------------------------------------------------------------------------
                          7.50    7.50   clock clk' (rise edge)
                          0.00    7.50   clock source latency
     2    0.07    0.28    0.20    7.70 v clk (in)
     1    0.15    0.28    0.53    8.23 v __drvfix_11390/X (sky130_fd_sc_hd__clkbuf_8)
     2    0.12    0.15    0.47    8.70 v clkbuf_5_889/X (sky130_fd_sc_hd__clkbuf_16)
     3    0.10    0.13    0.37    9.08 v clkbuf_4_887/X (sky130_fd_sc_hd__clkbuf_16)
     3    0.13    0.24    0.44    9.52 v __drvfix_11396/X (sky130_fd_sc_hd__clkbuf_8)
     4    0.02    0.06    0.35    9.87 v clkbuf_3_884/X (sky130_fd_sc_hd__clkbuf_16)
     2    0.06    0.13    0.31   10.18 v __drvfix_11404/X (sky130_fd_sc_hd__clkbuf_8)
     1    0.00    0.04    0.08   10.27 ^ HICG_L0_13_inv/Y (sky130_fd_sc_hd__clkinv_1)
     1    0.00    0.05    0.35   10.62 ^ HICG_L0_13_gdly/X (sky130_fd_sc_hd__dlygate4sd1_1)
                  0.05    0.00   10.62 ^ HICG_L0_13_latch/GATE (sky130_fd_sc_hd__dlxtp_1)
                          0.34   10.95   time given to startpoint
                  0.07    0.00   10.95 ^ HICG_L0_13_latch/D (sky130_fd_sc_hd__dlxtp_1)
     1    0.00    0.06    0.65   11.61 ^ HICG_L0_13_latch/Q (sky130_fd_sc_hd__dlxtp_1)
     1    0.00    0.09    1.03   12.63 ^ __holdfix_986/X (sky130_fd_sc_hd__dlygate4sd3_1)
                  0.09    0.00   12.63 ^ HICG_L0_13_sky130_fd_sc_hd__sdlclkp_1/B (sky130_fd_sc_hd__and2_1)
                                 12.63   data arrival time

                         15.00   15.00   clock clk (rise edge)
                          0.00   15.00   clock source latency
     2    0.07    0.48    0.33   15.33 ^ clk (in)
     1    0.15    0.41    0.65   15.98 ^ __drvfix_11390/X (sky130_fd_sc_hd__clkbuf_8)
     2    0.13    0.22    0.51   16.49 ^ clkbuf_5_889/X (sky130_fd_sc_hd__clkbuf_16)
     3    0.10    0.18    0.39   16.88 ^ clkbuf_4_887/X (sky130_fd_sc_hd__clkbuf_16)
     3    0.13    0.35    0.50   17.38 ^ __drvfix_11396/X (sky130_fd_sc_hd__clkbuf_8)
     4    0.02    0.07    0.36   17.74 ^ clkbuf_3_884/X (sky130_fd_sc_hd__clkbuf_16)
     2    0.06    0.18    0.32   18.05 ^ __drvfix_11404/X (sky130_fd_sc_hd__clkbuf_8)
                  0.18    0.00   18.06 ^ HICG_L0_13_sky130_fd_sc_hd__sdlclkp_1/A (sky130_fd_sc_hd__and2_1)
                         -0.25   17.81   clock uncertainty
                          0.00   17.81   clock reconvergence pessimism
                          0.00   17.81   clock gating setup time
                                 17.81   data required time
-----------------------------------------------------------------------------
                                 17.81   data required time
                                -12.63   data arrival time
-----------------------------------------------------------------------------
                                  5.17   slack (MET)


Startpoint: HICG_L0_2_latch (positive level-sensitive latch clocked by clk')
Endpoint: HICG_L0_2_sky130_fd_sc_hd__sdlclkp_1
          (rising clock gating-check end-point clocked by clk)
Path Group: gated clock
Path Type: max

Fanout     Cap    Slew   Delay    Time   Description
-----------------------------------------------------------------------------
                          7.50    7.50   clock clk' (rise edge)
                          0.00    7.50   clock source latency
     2    0.07    0.28    0.20    7.70 v clk (in)
     1    0.15    0.28    0.53    8.23 v __drvfix_11390/X (sky130_fd_sc_hd__clkbuf_8)
     2    0.12    0.15    0.47    8.70 v clkbuf_5_889/X (sky130_fd_sc_hd__clkbuf_16)
     3    0.10    0.13    0.37    9.08 v clkbuf_4_887/X (sky130_fd_sc_hd__clkbuf_16)
     4    0.07    0.15    0.36    9.44 v __drvfix_11394/X (sky130_fd_sc_hd__clkbuf_8)
     1    0.01    0.09    0.36    9.79 v HICG_L1_15_sky130_fd_sc_hd__sdlclkp_2/X (sky130_fd_sc_hd__and2_1)
     4    0.02    0.15    0.28   10.08 v clkbuf_0_856/X (sky130_fd_sc_hd__clkbuf_2)
     1    0.00    0.05    0.09   10.17 ^ HICG_L0_2_inv/Y (sky130_fd_sc_hd__clkinv_1)
     1    0.00    0.06    0.35   10.52 ^ HICG_L0_2_gdly/X (sky130_fd_sc_hd__dlygate4sd1_1)
                  0.06    0.00   10.52 ^ HICG_L0_2_latch/GATE (sky130_fd_sc_hd__dlxtp_1)
                          0.27   10.78   time given to startpoint
                  0.07    0.00   10.78 ^ HICG_L0_2_latch/D (sky130_fd_sc_hd__dlxtp_1)
     1    0.00    0.06    0.66   11.44 ^ HICG_L0_2_latch/Q (sky130_fd_sc_hd__dlxtp_1)
     1    0.00    0.08    1.03   12.47 ^ __holdfix_985/X (sky130_fd_sc_hd__dlygate4sd3_1)
                  0.08    0.00   12.47 ^ HICG_L0_2_sky130_fd_sc_hd__sdlclkp_1/B (sky130_fd_sc_hd__and2_1)
                                 12.47   data arrival time

                         15.00   15.00   clock clk (rise edge)
                          0.00   15.00   clock source latency
     2    0.07    0.48    0.33   15.33 ^ clk (in)
     1    0.15    0.41    0.65   15.98 ^ __drvfix_11390/X (sky130_fd_sc_hd__clkbuf_8)
     2    0.13    0.22    0.51   16.49 ^ clkbuf_5_889/X (sky130_fd_sc_hd__clkbuf_16)
     3    0.10    0.18    0.39   16.88 ^ clkbuf_4_887/X (sky130_fd_sc_hd__clkbuf_16)
     4    0.07    0.21    0.39   17.27 ^ __drvfix_11394/X (sky130_fd_sc_hd__clkbuf_8)
     1    0.01    0.13    0.33   17.60 ^ HICG_L1_15_sky130_fd_sc_hd__sdlclkp_2/X (sky130_fd_sc_hd__and2_1)
     4    0.02    0.19    0.31   17.91 ^ clkbuf_0_856/X (sky130_fd_sc_hd__clkbuf_2)
                  0.19    0.00   17.91 ^ HICG_L0_2_sky130_fd_sc_hd__sdlclkp_1/A (sky130_fd_sc_hd__and2_1)
                         -0.25   17.66   clock uncertainty
                          0.00   17.66   clock reconvergence pessimism
                          0.00   17.66   clock gating setup time
                                 17.66   data required time
-----------------------------------------------------------------------------
                                 17.66   data required time
                                -12.47   data arrival time
-----------------------------------------------------------------------------
                                  5.19   slack (MET)


Startpoint: addr[2] (input port clocked by clk)
Endpoint: HICG_L0_9_latch (positive level-sensitive latch clocked by clk')
Path Group: clk
Path Type: max

Fanout     Cap    Slew   Delay    Time   Description
-----------------------------------------------------------------------------
                          0.00    0.00   clock clk (rise edge)
                          0.00    0.00   clock network delay (propagated)
                          3.00    3.00 ^ input external delay
     1    0.01    0.07    0.04    3.04 ^ addr[2] (in)
     6    0.05    0.14    0.23    3.27 ^ __inbuf_3/X (sky130_fd_sc_hd__buf_8)
     2    0.10    0.19    0.29    3.56 ^ __drvfix_10695/X (sky130_fd_sc_hd__buf_12)
     2    0.15    0.37    0.47    4.03 ^ __drvfix_11351/X (sky130_fd_sc_hd__buf_8)
     4    0.09    0.27    0.47    4.50 ^ sky130_fd_sc_hd__buf_2_4_0/X (sky130_fd_sc_hd__buf_6)
     4    0.03    0.16    0.37    4.87 ^ buf_addr[2]_0_fobuf372/X (sky130_fd_sc_hd__buf_4)
     4    0.12    0.31    0.38    5.26 ^ __drvfix_6855/X (sky130_fd_sc_hd__buf_8)
     2    0.01    0.11    0.50    5.76 ^ sky130_fd_sc_hd__and3b_2_i6901/X (sky130_fd_sc_hd__and3b_2)
     2    0.01    0.13    0.52    6.28 ^ sky130_fd_sc_hd__and4_2_i6925/X (sky130_fd_sc_hd__and4_2)
     2    0.01    0.12    0.42    6.70 ^ sky130_fd_sc_hd__and3_2_i29033/X (sky130_fd_sc_hd__and3_2)
     1    0.01    0.12    0.42    7.11 ^ sky130_fd_sc_hd__and3_2_i29035/X (sky130_fd_sc_hd__and3_2)
     1    0.00    0.12    0.12    7.23 v sky130_fd_sc_hd__o21ai_2_i29037/Y (sky130_fd_sc_hd__o21ai_2)
     5    0.02    0.39    0.36    7.59 ^ sky130_fd_sc_hd__nor2_8_i29038/Y (sky130_fd_sc_hd__nor2_2)
     2    0.01    0.09    0.16    7.76 v INV_29038/Y (sky130_fd_sc_hd__inv_2)
     4    0.03    0.15    0.34    8.10 v __drvfix_4433/X (sky130_fd_sc_hd__buf_2)
     2    0.02    0.25    0.27    8.37 ^ sky130_fd_sc_hd__nor2_8_i29039/Y (sky130_fd_sc_hd__nor2_4)
     2    0.11    0.29    0.42    8.79 ^ __drvfix_4431/X (sky130_fd_sc_hd__buf_8)
     4    0.06    0.43    0.57    9.35 ^ __drvfix_11148/X (sky130_fd_sc_hd__buf_2)
     3    0.09    0.38    0.59    9.94 ^ sky130_fd_sc_hd__buf_4_16470_7/X (sky130_fd_sc_hd__buf_4)
     4    0.03    0.15    0.41   10.35 ^ buf_n29039_7_fobuf757/X (sky130_fd_sc_hd__buf_4)
     7    0.05    0.42    0.49   10.85 ^ __drvfix_8450/X (sky130_fd_sc_hd__buf_2)
     1    0.00    0.06    0.29   11.14 ^ HICG_L0_9_latch_TE_OR/X (sky130_fd_sc_hd__or2_1)
                  0.06    0.00   11.14 ^ HICG_L0_9_latch/D (sky130_fd_sc_hd__dlxtp_1)
                                 11.14   data arrival time

                          7.50    7.50   clock clk' (rise edge)
                          0.00    7.50   clock source latency
     2    0.07    0.28    0.20    7.70 v clk (in)
     1    0.15    0.28    0.53    8.23 v __drvfix_11390/X (sky130_fd_sc_hd__clkbuf_8)
     2    0.12    0.15    0.47    8.70 v clkbuf_5_889/X (sky130_fd_sc_hd__clkbuf_16)
     3    0.10    0.13    0.37    9.08 v clkbuf_4_887/X (sky130_fd_sc_hd__clkbuf_16)
     2    0.04    0.10    0.32    9.40 v __drvfix_11395/X (sky130_fd_sc_hd__clkbuf_8)
     1    0.02    0.18    0.40    9.80 v HICG_L1_18_sky130_fd_sc_hd__sdlclkp_2/X (sky130_fd_sc_hd__and2_1)
     4    0.03    0.06    0.32   10.12 v clkbuf_0_859/X (sky130_fd_sc_hd__clkbuf_16)
     1    0.00    0.04    0.06   10.19 ^ HICG_L0_9_inv/Y (sky130_fd_sc_hd__clkinv_1)
     1    0.00    0.06    0.35   10.54 ^ HICG_L0_9_gdly/X (sky130_fd_sc_hd__dlygate4sd1_1)
                  0.06    0.00   10.54 ^ HICG_L0_9_latch/GATE (sky130_fd_sc_hd__dlxtp_1)
                         -0.25   10.29   clock uncertainty
                          0.00   10.29   clock reconvergence pessimism
                          0.85   11.14   time borrowed from endpoint
                                 11.14   data required time
-----------------------------------------------------------------------------
                                 11.14   data required time
                                -11.14   data arrival time
-----------------------------------------------------------------------------
                                  0.00   slack (MET)

Time Borrowing Information
--------------------------------------------
clk' nominal pulse width                7.50
clock latency difference                0.48
library setup time                     -0.43
--------------------------------------------
max time borrow                         7.54
--------------------------------------------
actual time borrow                      0.85
open edge uncertainty                  -0.25
--------------------------------------------
time given to startpoint                0.60
--------------------------------------------


Startpoint: addr[2] (input port clocked by clk)
Endpoint: HICG_L0_5_latch (positive level-sensitive latch clocked by clk')
Path Group: clk
Path Type: max

Fanout     Cap    Slew   Delay    Time   Description
-----------------------------------------------------------------------------
                          0.00    0.00   clock clk (rise edge)
                          0.00    0.00   clock network delay (propagated)
                          3.00    3.00 ^ input external delay
     1    0.01    0.07    0.04    3.04 ^ addr[2] (in)
     6    0.05    0.14    0.23    3.27 ^ __inbuf_3/X (sky130_fd_sc_hd__buf_8)
     2    0.10    0.19    0.29    3.56 ^ __drvfix_10695/X (sky130_fd_sc_hd__buf_12)
     2    0.15    0.37    0.47    4.03 ^ __drvfix_11351/X (sky130_fd_sc_hd__buf_8)
     4    0.09    0.27    0.47    4.50 ^ sky130_fd_sc_hd__buf_2_4_0/X (sky130_fd_sc_hd__buf_6)
     4    0.03    0.16    0.37    4.87 ^ buf_addr[2]_0_fobuf372/X (sky130_fd_sc_hd__buf_4)
     4    0.12    0.31    0.38    5.26 ^ __drvfix_6855/X (sky130_fd_sc_hd__buf_8)
     2    0.01    0.11    0.50    5.76 ^ sky130_fd_sc_hd__and3b_2_i6901/X (sky130_fd_sc_hd__and3b_2)
     2    0.01    0.13    0.52    6.28 ^ sky130_fd_sc_hd__and4_2_i6925/X (sky130_fd_sc_hd__and4_2)
     2    0.01    0.12    0.42    6.70 ^ sky130_fd_sc_hd__and3_2_i29033/X (sky130_fd_sc_hd__and3_2)
     1    0.01    0.12    0.42    7.11 ^ sky130_fd_sc_hd__and3_2_i29035/X (sky130_fd_sc_hd__and3_2)
     1    0.00    0.12    0.12    7.23 v sky130_fd_sc_hd__o21ai_2_i29037/Y (sky130_fd_sc_hd__o21ai_2)
     5    0.02    0.39    0.36    7.59 ^ sky130_fd_sc_hd__nor2_8_i29038/Y (sky130_fd_sc_hd__nor2_2)
     2    0.01    0.09    0.16    7.76 v INV_29038/Y (sky130_fd_sc_hd__inv_2)
     4    0.03    0.15    0.34    8.10 v __drvfix_4433/X (sky130_fd_sc_hd__buf_2)
     2    0.02    0.25    0.27    8.37 ^ sky130_fd_sc_hd__nor2_8_i29039/Y (sky130_fd_sc_hd__nor2_4)
     5    0.11    0.21    0.36    8.73 ^ __drvfix_4432/X (sky130_fd_sc_hd__buf_12)
     4    0.09    0.41    0.53    9.27 ^ __drvbuf_88/X (sky130_fd_sc_hd__buf_4)
     3    0.09    0.41    0.60    9.87 ^ sky130_fd_sc_hd__buf_4_16470_10/X (sky130_fd_sc_hd__buf_4)
     4    0.04    0.17    0.43   10.30 ^ buf_n29039_10_fobuf766/X (sky130_fd_sc_hd__buf_4)
     7    0.03    0.27    0.39   10.70 ^ __drvfix_8492/X (sky130_fd_sc_hd__buf_2)
     1    0.00    0.07    0.25   10.95 ^ HICG_L0_5_latch_TE_OR/X (sky130_fd_sc_hd__or2_1)
                  0.07    0.00   10.95 ^ HICG_L0_5_latch/D (sky130_fd_sc_hd__dlxtp_1)
                                 10.95   data arrival time

                          7.50    7.50   clock clk' (rise edge)
                          0.00    7.50   clock source latency
     2    0.07    0.28    0.20    7.70 v clk (in)
     1    0.15    0.28    0.53    8.23 v __drvfix_11390/X (sky130_fd_sc_hd__clkbuf_8)
     2    0.12    0.15    0.47    8.70 v clkbuf_5_889/X (sky130_fd_sc_hd__clkbuf_16)
     3    0.07    0.10    0.35    9.05 v clkbuf_4_888/X (sky130_fd_sc_hd__clkbuf_16)
     4    0.09    0.19    0.38    9.43 v __drvfix_11391/X (sky130_fd_sc_hd__clkbuf_8)
     1    0.00    0.07    0.34    9.76 v HICG_L1_16_sky130_fd_sc_hd__sdlclkp_2/X (sky130_fd_sc_hd__and2_1)
     4    0.01    0.10    0.22    9.99 v clkbuf_0_857/X (sky130_fd_sc_hd__clkbuf_2)
     1    0.00    0.05    0.08   10.07 ^ HICG_L0_5_inv/Y (sky130_fd_sc_hd__clkinv_1)
     1    0.00    0.06    0.36   10.43 ^ HICG_L0_5_gdly/X (sky130_fd_sc_hd__dlygate4sd1_1)
                  0.06    0.00   10.43 ^ HICG_L0_5_latch/GATE (sky130_fd_sc_hd__dlxtp_1)
                         -0.25   10.18   clock uncertainty
                          0.00   10.18   clock reconvergence pessimism
                          0.76   10.95   time borrowed from endpoint
                                 10.95   data required time
-----------------------------------------------------------------------------
                                 10.95   data required time
                                -10.95   data arrival time
-----------------------------------------------------------------------------
                                  0.00   slack (MET)

Time Borrowing Information
--------------------------------------------
clk' nominal pulse width                7.50
clock latency difference                0.45
library setup time                     -0.43
--------------------------------------------
max time borrow                         7.52
--------------------------------------------
actual time borrow                      0.76
open edge uncertainty                  -0.25
--------------------------------------------
time given to startpoint                0.51
--------------------------------------------


Startpoint: addr[2] (input port clocked by clk)
Endpoint: HICG_L0_1_latch (positive level-sensitive latch clocked by clk')
Path Group: clk
Path Type: max

Fanout     Cap    Slew   Delay    Time   Description
-----------------------------------------------------------------------------
                          0.00    0.00   clock clk (rise edge)
                          0.00    0.00   clock network delay (propagated)
                          3.00    3.00 ^ input external delay
     1    0.01    0.07    0.04    3.04 ^ addr[2] (in)
     6    0.05    0.14    0.23    3.27 ^ __inbuf_3/X (sky130_fd_sc_hd__buf_8)
     2    0.10    0.19    0.29    3.56 ^ __drvfix_10695/X (sky130_fd_sc_hd__buf_12)
     2    0.15    0.37    0.47    4.03 ^ __drvfix_11351/X (sky130_fd_sc_hd__buf_8)
     4    0.09    0.27    0.47    4.50 ^ sky130_fd_sc_hd__buf_2_4_0/X (sky130_fd_sc_hd__buf_6)
     4    0.03    0.16    0.37    4.87 ^ buf_addr[2]_0_fobuf372/X (sky130_fd_sc_hd__buf_4)
     4    0.12    0.31    0.38    5.26 ^ __drvfix_6855/X (sky130_fd_sc_hd__buf_8)
     2    0.01    0.11    0.50    5.76 ^ sky130_fd_sc_hd__and3b_2_i6901/X (sky130_fd_sc_hd__and3b_2)
     2    0.01    0.13    0.52    6.28 ^ sky130_fd_sc_hd__and4_2_i6925/X (sky130_fd_sc_hd__and4_2)
     2    0.01    0.12    0.42    6.70 ^ sky130_fd_sc_hd__and3_2_i29033/X (sky130_fd_sc_hd__and3_2)
     1    0.01    0.12    0.42    7.11 ^ sky130_fd_sc_hd__and3_2_i29035/X (sky130_fd_sc_hd__and3_2)
     1    0.00    0.12    0.12    7.23 v sky130_fd_sc_hd__o21ai_2_i29037/Y (sky130_fd_sc_hd__o21ai_2)
     5    0.02    0.39    0.36    7.59 ^ sky130_fd_sc_hd__nor2_8_i29038/Y (sky130_fd_sc_hd__nor2_2)
     2    0.01    0.09    0.16    7.76 v INV_29038/Y (sky130_fd_sc_hd__inv_2)
     4    0.03    0.15    0.34    8.10 v __drvfix_4433/X (sky130_fd_sc_hd__buf_2)
     2    0.02    0.25    0.27    8.37 ^ sky130_fd_sc_hd__nor2_8_i29039/Y (sky130_fd_sc_hd__nor2_4)
     2    0.11    0.29    0.42    8.79 ^ __drvfix_4431/X (sky130_fd_sc_hd__buf_8)
     4    0.06    0.43    0.57    9.35 ^ __drvfix_11148/X (sky130_fd_sc_hd__buf_2)
     3    0.04    0.19    0.45    9.81 ^ sky130_fd_sc_hd__buf_4_16470_8/X (sky130_fd_sc_hd__buf_4)
     4    0.04    0.17    0.34   10.14 ^ buf_n29039_8_fobuf760/X (sky130_fd_sc_hd__buf_4)
     7    0.06    0.43    0.51   10.65 ^ __drvfix_8466/X (sky130_fd_sc_hd__buf_2)
     1    0.00    0.07    0.30   10.95 ^ HICG_L0_1_latch_TE_OR/X (sky130_fd_sc_hd__or2_1)
                  0.07    0.00   10.95 ^ HICG_L0_1_latch/D (sky130_fd_sc_hd__dlxtp_1)
                                 10.95   data arrival time

                          7.50    7.50   clock clk' (rise edge)
                          0.00    7.50   clock source latency
     2    0.07    0.28    0.20    7.70 v clk (in)
     1    0.15    0.28    0.53    8.23 v __drvfix_11390/X (sky130_fd_sc_hd__clkbuf_8)
     2    0.12    0.15    0.47    8.70 v clkbuf_5_889/X (sky130_fd_sc_hd__clkbuf_16)
     3    0.10    0.13    0.37    9.08 v clkbuf_4_887/X (sky130_fd_sc_hd__clkbuf_16)
     4    0.07    0.15    0.36    9.44 v __drvfix_11394/X (sky130_fd_sc_hd__clkbuf_8)
     1    0.01    0.09    0.36    9.79 v HICG_L1_15_sky130_fd_sc_hd__sdlclkp_2/X (sky130_fd_sc_hd__and2_1)
     4    0.02    0.15    0.28   10.08 v clkbuf_0_856/X (sky130_fd_sc_hd__clkbuf_2)
     1    0.00    0.05    0.09   10.16 ^ HICG_L0_1_inv/Y (sky130_fd_sc_hd__clkinv_1)
     1    0.00    0.06    0.35   10.52 ^ HICG_L0_1_gdly/X (sky130_fd_sc_hd__dlygate4sd1_1)
                  0.06    0.00   10.52 ^ HICG_L0_1_latch/GATE (sky130_fd_sc_hd__dlxtp_1)
                         -0.25   10.27   clock uncertainty
                          0.00   10.27   clock reconvergence pessimism
                          0.68   10.95   time borrowed from endpoint
                                 10.95   data required time
-----------------------------------------------------------------------------
                                 10.95   data required time
                                -10.95   data arrival time
-----------------------------------------------------------------------------
                                  0.00   slack (MET)

Time Borrowing Information
--------------------------------------------
clk' nominal pulse width                7.50
clock latency difference                0.48
library setup time                     -0.43
--------------------------------------------
max time borrow                         7.55
--------------------------------------------
actual time borrow                      0.68
open edge uncertainty                  -0.25
--------------------------------------------
time given to startpoint                0.43
--------------------------------------------


Startpoint: addr[2] (input port clocked by clk)
Endpoint: HICG_L0_13_latch (positive level-sensitive latch clocked by clk')
Path Group: clk
Path Type: max

Fanout     Cap    Slew   Delay    Time   Description
-----------------------------------------------------------------------------
                          0.00    0.00   clock clk (rise edge)
                          0.00    0.00   clock network delay (propagated)
                          3.00    3.00 ^ input external delay
     1    0.01    0.07    0.04    3.04 ^ addr[2] (in)
     6    0.05    0.14    0.23    3.27 ^ __inbuf_3/X (sky130_fd_sc_hd__buf_8)
     2    0.10    0.19    0.29    3.56 ^ __drvfix_10695/X (sky130_fd_sc_hd__buf_12)
     2    0.15    0.37    0.47    4.03 ^ __drvfix_11351/X (sky130_fd_sc_hd__buf_8)
     4    0.09    0.27    0.47    4.50 ^ sky130_fd_sc_hd__buf_2_4_0/X (sky130_fd_sc_hd__buf_6)
     4    0.03    0.16    0.37    4.87 ^ buf_addr[2]_0_fobuf372/X (sky130_fd_sc_hd__buf_4)
     4    0.12    0.31    0.38    5.26 ^ __drvfix_6855/X (sky130_fd_sc_hd__buf_8)
     2    0.01    0.11    0.50    5.76 ^ sky130_fd_sc_hd__and3b_2_i6901/X (sky130_fd_sc_hd__and3b_2)
     2    0.01    0.13    0.52    6.28 ^ sky130_fd_sc_hd__and4_2_i6925/X (sky130_fd_sc_hd__and4_2)
     2    0.01    0.12    0.42    6.70 ^ sky130_fd_sc_hd__and3_2_i29033/X (sky130_fd_sc_hd__and3_2)
     1    0.01    0.12    0.42    7.11 ^ sky130_fd_sc_hd__and3_2_i29035/X (sky130_fd_sc_hd__and3_2)
     1    0.00    0.12    0.12    7.23 v sky130_fd_sc_hd__o21ai_2_i29037/Y (sky130_fd_sc_hd__o21ai_2)
     5    0.02    0.39    0.36    7.59 ^ sky130_fd_sc_hd__nor2_8_i29038/Y (sky130_fd_sc_hd__nor2_2)
     2    0.01    0.09    0.16    7.76 v INV_29038/Y (sky130_fd_sc_hd__inv_2)
     4    0.03    0.15    0.34    8.10 v __drvfix_4433/X (sky130_fd_sc_hd__buf_2)
     2    0.02    0.25    0.27    8.37 ^ sky130_fd_sc_hd__nor2_8_i29039/Y (sky130_fd_sc_hd__nor2_4)
     2    0.11    0.29    0.42    8.79 ^ __drvfix_4431/X (sky130_fd_sc_hd__buf_8)
     4    0.04    0.31    0.48    9.26 ^ __drvfix_11147/X (sky130_fd_sc_hd__buf_2)
     3    0.05    0.24    0.44    9.70 ^ sky130_fd_sc_hd__buf_4_16470_5/X (sky130_fd_sc_hd__buf_4)
     5    0.03    0.16    0.36   10.06 ^ buf_n29039_5_fobuf751/X (sky130_fd_sc_hd__buf_4)
     5    0.03    0.58    0.55   10.61 ^ __drvfix_8426/X (sky130_fd_sc_hd__buf_1)
     1    0.00    0.07    0.34   10.95 ^ HICG_L0_13_latch_TE_OR/X (sky130_fd_sc_hd__or2_1)
                  0.07    0.00   10.95 ^ HICG_L0_13_latch/D (sky130_fd_sc_hd__dlxtp_1)
                                 10.95   data arrival time

                          7.50    7.50   clock clk' (rise edge)
                          0.00    7.50   clock source latency
     2    0.07    0.28    0.20    7.70 v clk (in)
     1    0.15    0.28    0.53    8.23 v __drvfix_11390/X (sky130_fd_sc_hd__clkbuf_8)
     2    0.12    0.15    0.47    8.70 v clkbuf_5_889/X (sky130_fd_sc_hd__clkbuf_16)
     3    0.10    0.13    0.37    9.08 v clkbuf_4_887/X (sky130_fd_sc_hd__clkbuf_16)
     3    0.13    0.24    0.44    9.52 v __drvfix_11396/X (sky130_fd_sc_hd__clkbuf_8)
     4    0.02    0.06    0.35    9.87 v clkbuf_3_884/X (sky130_fd_sc_hd__clkbuf_16)
     2    0.06    0.13    0.31   10.18 v __drvfix_11404/X (sky130_fd_sc_hd__clkbuf_8)
     1    0.00    0.04    0.08   10.27 ^ HICG_L0_13_inv/Y (sky130_fd_sc_hd__clkinv_1)
     1    0.00    0.05    0.35   10.62 ^ HICG_L0_13_gdly/X (sky130_fd_sc_hd__dlygate4sd1_1)
                  0.05    0.00   10.62 ^ HICG_L0_13_latch/GATE (sky130_fd_sc_hd__dlxtp_1)
                         -0.25   10.37   clock uncertainty
                          0.00   10.37   clock reconvergence pessimism
                          0.59   10.95   time borrowed from endpoint
                                 10.95   data required time
-----------------------------------------------------------------------------
                                 10.95   data required time
                                -10.95   data arrival time
-----------------------------------------------------------------------------
                                  0.00   slack (MET)

Time Borrowing Information
--------------------------------------------
clk' nominal pulse width                7.50
clock latency difference                0.52
library setup time                     -0.43
--------------------------------------------
max time borrow                         7.59
--------------------------------------------
actual time borrow                      0.59
open edge uncertainty                  -0.25
--------------------------------------------
time given to startpoint                0.34
--------------------------------------------


Startpoint: addr[2] (input port clocked by clk)
Endpoint: HICG_L0_2_latch (positive level-sensitive latch clocked by clk')
Path Group: clk
Path Type: max

Fanout     Cap    Slew   Delay    Time   Description
-----------------------------------------------------------------------------
                          0.00    0.00   clock clk (rise edge)
                          0.00    0.00   clock network delay (propagated)
                          3.00    3.00 ^ input external delay
     1    0.01    0.07    0.04    3.04 ^ addr[2] (in)
     6    0.05    0.14    0.23    3.27 ^ __inbuf_3/X (sky130_fd_sc_hd__buf_8)
     2    0.10    0.19    0.29    3.56 ^ __drvfix_10695/X (sky130_fd_sc_hd__buf_12)
     2    0.15    0.37    0.47    4.03 ^ __drvfix_11351/X (sky130_fd_sc_hd__buf_8)
     4    0.09    0.27    0.47    4.50 ^ sky130_fd_sc_hd__buf_2_4_0/X (sky130_fd_sc_hd__buf_6)
     4    0.03    0.16    0.37    4.87 ^ buf_addr[2]_0_fobuf372/X (sky130_fd_sc_hd__buf_4)
     4    0.12    0.31    0.38    5.26 ^ __drvfix_6855/X (sky130_fd_sc_hd__buf_8)
     2    0.01    0.11    0.50    5.76 ^ sky130_fd_sc_hd__and3b_2_i6901/X (sky130_fd_sc_hd__and3b_2)
     2    0.01    0.13    0.52    6.28 ^ sky130_fd_sc_hd__and4_2_i6925/X (sky130_fd_sc_hd__and4_2)
     2    0.01    0.12    0.42    6.70 ^ sky130_fd_sc_hd__and3_2_i29033/X (sky130_fd_sc_hd__and3_2)
     1    0.01    0.12    0.42    7.11 ^ sky130_fd_sc_hd__and3_2_i29035/X (sky130_fd_sc_hd__and3_2)
     1    0.00    0.12    0.12    7.23 v sky130_fd_sc_hd__o21ai_2_i29037/Y (sky130_fd_sc_hd__o21ai_2)
     5    0.02    0.39    0.36    7.59 ^ sky130_fd_sc_hd__nor2_8_i29038/Y (sky130_fd_sc_hd__nor2_2)
     2    0.01    0.09    0.16    7.76 v INV_29038/Y (sky130_fd_sc_hd__inv_2)
     4    0.03    0.15    0.34    8.10 v __drvfix_4433/X (sky130_fd_sc_hd__buf_2)
     2    0.02    0.25    0.27    8.37 ^ sky130_fd_sc_hd__nor2_8_i29039/Y (sky130_fd_sc_hd__nor2_4)
     2    0.11    0.29    0.42    8.79 ^ __drvfix_4431/X (sky130_fd_sc_hd__buf_8)
     4    0.04    0.31    0.48    9.26 ^ __drvfix_11147/X (sky130_fd_sc_hd__buf_2)
     3    0.06    0.27    0.46    9.73 ^ sky130_fd_sc_hd__buf_4_16470_4/X (sky130_fd_sc_hd__buf_4)
     5    0.04    0.18    0.39   10.12 ^ buf_n29039_4_fobuf748/X (sky130_fd_sc_hd__buf_4)
     5    0.04    0.29    0.41   10.53 ^ __drvfix_8412/X (sky130_fd_sc_hd__buf_2)
     1    0.00    0.07    0.25   10.78 ^ HICG_L0_2_latch_TE_OR/X (sky130_fd_sc_hd__or2_1)
                  0.07    0.00   10.78 ^ HICG_L0_2_latch/D (sky130_fd_sc_hd__dlxtp_1)
                                 10.78   data arrival time

                          7.50    7.50   clock clk' (rise edge)
                          0.00    7.50   clock source latency
     2    0.07    0.28    0.20    7.70 v clk (in)
     1    0.15    0.28    0.53    8.23 v __drvfix_11390/X (sky130_fd_sc_hd__clkbuf_8)
     2    0.12    0.15    0.47    8.70 v clkbuf_5_889/X (sky130_fd_sc_hd__clkbuf_16)
     3    0.10    0.13    0.37    9.08 v clkbuf_4_887/X (sky130_fd_sc_hd__clkbuf_16)
     4    0.07    0.15    0.36    9.44 v __drvfix_11394/X (sky130_fd_sc_hd__clkbuf_8)
     1    0.01    0.09    0.36    9.79 v HICG_L1_15_sky130_fd_sc_hd__sdlclkp_2/X (sky130_fd_sc_hd__and2_1)
     4    0.02    0.15    0.28   10.08 v clkbuf_0_856/X (sky130_fd_sc_hd__clkbuf_2)
     1    0.00    0.05    0.09   10.17 ^ HICG_L0_2_inv/Y (sky130_fd_sc_hd__clkinv_1)
     1    0.00    0.06    0.35   10.52 ^ HICG_L0_2_gdly/X (sky130_fd_sc_hd__dlygate4sd1_1)
                  0.06    0.00   10.52 ^ HICG_L0_2_latch/GATE (sky130_fd_sc_hd__dlxtp_1)
                         -0.25   10.27   clock uncertainty
                          0.00   10.27   clock reconvergence pessimism
                          0.52   10.78   time borrowed from endpoint
                                 10.78   data required time
-----------------------------------------------------------------------------
                                 10.78   data required time
                                -10.78   data arrival time
-----------------------------------------------------------------------------
                                  0.00   slack (MET)

Time Borrowing Information
--------------------------------------------
clk' nominal pulse width                7.50
clock latency difference                0.48
library setup time                     -0.43
--------------------------------------------
max time borrow                         7.55
--------------------------------------------
actual time borrow                      0.52
open edge uncertainty                  -0.25
--------------------------------------------
time given to startpoint                0.27
--------------------------------------------


